// Jest Snapshot v1, https://goo.gl/fbAQLP

exports[`Home component should render the Home component 1`] = `
<Route>
  <Component />
</Route>
`;
